Input #0, mov,mp4,m4a,3gp,3g2,mj2, from 'C:/Users/raimu/AppData/Local/Temp/clipchannel-a105-editor-6f349375/input-check/corrected.mp4':
  Metadata:
    major_brand     : isom
    minor_version   : 512
    compatible_brands: isomiso2avc1mp41
    encoder         : Lavf63.1.101
  Duration: 00:05:00.00, start: 0.000000, bitrate: 2146 kb/s
  Stream #0:0[0x1](und): Video: h264 (High) (avc1 / 0x31637661), yuv420p(tv, bt709, progressive), 1280x720 [SAR 1:1 DAR 16:9], 1970 kb/s, 60 fps, 60 tbr, 15360 tbn (default)
    Metadata:
      handler_name    : ISO Media file produced by Google Inc.
      encoder         : Lavc63.1.101 libx264
  Stream #0:1[0x2](eng): Audio: aac (LC) (mp4a / 0x6134706D), 48000 Hz, stereo, fltp, 162 kb/s (default)
    Metadata:
      handler_name    : SoundHandler
Input #1, mov,mp4,m4a,3gp,3g2,mj2, from 'C:/Users/raimu/AppData/Local/Temp/clipchannel-a105-editor-6f349375/real-trim4.mp4':
  Metadata:
    major_brand     : isom
    minor_version   : 512
    compatible_brands: isomiso2avc1mp41
    encoder         : Lavf63.1.101
  Duration: 00:00:04.00, start: 0.000000, bitrate: 3059 kb/s
  Stream #1:0[0x1](und): Video: h264 (High) (avc1 / 0x31637661), yuv420p(tv, bt709, progressive), 1280x720 [SAR 1:1 DAR 16:9], 2913 kb/s, 60 fps, 60 tbr, 15360 tbn (default)
    Metadata:
      handler_name    : ISO Media file produced by Google Inc.
      encoder         : Lavc63.1.101 libx264
  Stream #1:1[0x2](eng): Audio: aac (LC) (mp4a / 0x6134706D), 48000 Hz, stereo, fltp, 129 kb/s (default)
    Metadata:
      handler_name    : SoundHandler
Stream mapping:
  Stream #0:0 (h264) -> trim:default
  Stream #1:0 (h264) -> ssim
  ssim:default -> Stream #0:0 (wrapped_avframe)
Press [q] to stop, [?] for help
Output #0, null, to 'pipe:':
  Metadata:
    major_brand     : isom
    minor_version   : 512
    compatible_brands: isomiso2avc1mp41
    encoder         : Lavf63.1.101
  Stream #0:0: Video: wrapped_avframe, yuv420p(tv, bt709, progressive), 1280x720 [SAR 1:1 DAR 16:9], q=2-31, 200 kb/s, 60 fps, 60 tbn
    Metadata:
      encoder         : Lavc63.1.101 wrapped_avframe
[Parsed_ssim_2 @ 0000021447172ec0] SSIM Y:0.990337 (20.149049) U:0.983688 (17.874898) V:0.984618 (18.129942) All:0.988276 (19.309219)
[out#0/null @ 000002144718b480] video:99KiB audio:0KiB subtitle:0KiB other streams:0KiB global headers:0KiB muxing overhead: unknown
frame=  240 fps=0.0 q=-0.0 Lsize=N/A time=00:00:04.00 bitrate=N/A speed=15.3x elapsed=0:00:00.26    
