Input #0, lavfi, from 'testsrc2=size=160x90:rate=30:duration=2':
  Duration: N/A, start: 0.000000, bitrate: N/A
  Stream #0:0: Video: wrapped_avframe, yuv420p, 160x90 [SAR 1:1 DAR 16:9], 30 fps, 30 tbr, 30 tbn
Input #1, lavfi, from 'sine=frequency=440:sample_rate=48000:duration=2':
  Duration: N/A, start: 0.000000, bitrate: 768 kb/s
  Stream #1:0: Audio: pcm_s16le, 48000 Hz, mono, s16, 768 kb/s
Input #2, lavfi, from 'sine=frequency=880:sample_rate=48000:duration=2':
  Duration: N/A, start: 0.000000, bitrate: 768 kb/s
  Stream #2:0: Audio: pcm_s16le, 48000 Hz, mono, s16, 768 kb/s
Stream mapping:
  Stream #0:0 -> #0:0 (wrapped_avframe (native) -> h264 (libx264))
  Stream #1:0 -> #0:1 (pcm_s16le (native) -> pcm_s16le (native))
  Stream #2:0 -> #0:2 (pcm_s16le (native) -> pcm_s16le (native))
[libx264 @ 00000208e9e8fb80] using SAR=1/1
[libx264 @ 00000208e9e8fb80] using cpu capabilities: MMX2 SSE2Fast SSSE3 SSE4.2 AVX FMA3 BMI2 AVX2
[libx264 @ 00000208e9e8fb80] profile Constrained Baseline, level 1.1, 4:2:0, 8-bit
[libx264 @ 00000208e9e8fb80] 264 - core 165 r3223 0480cb0 - H.264/MPEG-4 AVC codec - Copyleft 2003-2025 - http://www.videolan.org/x264.html - options: cabac=0 ref=1 deblock=0:0:0 analyse=0:0 me=dia subme=0 psy=1 psy_rd=1.00:0.00 mixed_ref=0 me_range=16 chroma_me=1 trellis=0 8x8dct=0 cqm=0 deadzone=21,11 fast_pskip=1 chroma_qp_offset=0 threads=3 lookahead_threads=1 sliced_threads=0 nr=0 decimate=1 interlaced=0 bluray_compat=0 constrained_intra=0 bframes=0 weightp=0 keyint=250 keyint_min=25 scenecut=0 intra_refresh=0 rc=crf mbtree=0 crf=23.0 qcomp=0.60 qpmin=0 qpmax=69 qpstep=4 ip_ratio=1.40 aq=0
Output #0, matroska, to 'C:\Users\raimu\AppData\Local\Temp\clipchannel-multiaudio-dzctr0h5\two-tracks.mkv':
  Metadata:
    encoder         : Lavf63.1.101
  Stream #0:0: Video: h264 (H264 / 0x34363248), yuv420p(tv, progressive), 160x90 [SAR 1:1 DAR 16:9], q=2-31, 30 fps, 1k tbn
    Metadata:
      encoder         : Lavc63.1.101 libx264
    Side data:
      CPB properties: bitrate max/min/avg: 0/0/0 buffer size: 0 vbv_delay: N/A
  Stream #0:1: Audio: pcm_s16le ([1][0][0][0] / 0x0001), 48000 Hz, mono, s16, 768 kb/s (default)
    Metadata:
      encoder         : Lavc63.1.101 pcm_s16le
      title           : reference-440Hz
  Stream #0:2: Audio: pcm_s16le ([1][0][0][0] / 0x0001), 48000 Hz, mono, s16, 768 kb/s
    Metadata:
      encoder         : Lavc63.1.101 pcm_s16le
      title           : finished-880Hz
[out#0/matroska @ 00000208e9ddb340] video:84KiB audio:375KiB subtitle:0KiB other streams:0KiB global headers:0KiB muxing overhead: 0.580084%
frame=   60 fps=0.0 q=-1.0 Lsize=     462KiB time=00:00:02.00 bitrate=1890.6kbits/s speed= 166x elapsed=0:00:00.01    
[libx264 @ 00000208e9e8fb80] frame I:1     Avg QP:20.00  size:  3743
[libx264 @ 00000208e9e8fb80] frame P:59    Avg QP:23.10  size:  1383
[libx264 @ 00000208e9e8fb80] mb I  I16..4: 100.0%  0.0%  0.0%
[libx264 @ 00000208e9e8fb80] mb P  I16..4:  3.4%  0.0%  0.0%  P16..4: 48.8%  0.0%  0.0%  0.0%  0.0%    skip:47.7%
[libx264 @ 00000208e9e8fb80] coded y,uvDC,uvAC intra: 32.4% 62.6% 42.9% inter: 26.9% 47.8% 44.3%
[libx264 @ 00000208e9e8fb80] i16 v,h,dc,p: 71% 17% 10%  2%
[libx264 @ 00000208e9e8fb80] i8c dc,h,v,p: 30% 20% 49%  2%
[libx264 @ 00000208e9e8fb80] kb/s:341.33
