[aist#0:1/pcm_s16le @ 000001bc32996940] Guessed Channel Layout: mono
[aist#0:2/pcm_s16le @ 000001bc32996b00] Guessed Channel Layout: mono
Input #0, matroska,webm, from 'C:\Users\raimu\AppData\Local\Temp\clipchannel-multiaudio-dzctr0h5\two-tracks.mkv':
  Metadata:
    ENCODER         : Lavf63.1.101
  Duration: 00:00:02.00, start: 0.000000, bitrate: 1890 kb/s
  Stream #0:0: Video: h264 (Constrained Baseline), yuv420p(tv, progressive), 160x90 [SAR 1:1 DAR 16:9], 30 fps, 30 tbr, 1k tbn
    Metadata:
      ENCODER         : Lavc63.1.101 libx264
      DURATION        : 00:00:02.000000000
  Stream #0:1: Audio: pcm_s16le, 48000 Hz, mono, s16, 768 kb/s (default)
    Metadata:
      title           : reference-440Hz
      ENCODER         : Lavc63.1.101 pcm_s16le
      DURATION        : 00:00:02.000000000
  Stream #0:2: Audio: pcm_s16le, 48000 Hz, mono, s16, 768 kb/s
    Metadata:
      title           : finished-880Hz
      ENCODER         : Lavc63.1.101 pcm_s16le
      DURATION        : 00:00:02.000000000
Stream mapping:
  Stream #0:0 -> #0:0 (copy)
  Stream #0:2 -> #0:1 (pcm_s16le (native) -> aac (native))
Output #0, mp4, to 'C:\Users\raimu\AppData\Local\Temp\clipchannel-multiaudio-dzctr0h5\finished.mp4':
  Metadata:
    encoder         : Lavf63.1.101
  Stream #0:0: Video: h264 (Constrained Baseline) (avc1 / 0x31637661), yuv420p(tv, progressive), 160x90 [SAR 1:1 DAR 16:9], q=2-31, 30 fps, 30 tbr, 16k tbn
    Metadata:
      ENCODER         : Lavc63.1.101 libx264
      DURATION        : 00:00:02.000000000
  Stream #0:1: Audio: aac (LC) (mp4a / 0x6134706D), 48000 Hz, mono, fltp, 69 kb/s
    Metadata:
      encoder         : Lavc63.1.101 aac
      title           : finished-880Hz
      DURATION        : 00:00:02.000000000
[out#0/mp4 @ 000001bc32949dc0] video:84KiB audio:17KiB subtitle:0KiB other streams:0KiB global headers:0KiB muxing overhead: 3.368856%
frame=   60 fps=0.0 q=-1.0 Lsize=     105KiB time=00:00:02.00 bitrate= 428.3kbits/s speed=61.2x elapsed=0:00:00.03    
[aac @ 000001bc329ff080] Qavg: 102.935
